C:\Program Files\Microsoft Visual Studio\2022\Community\MSBuild\Microsoft\VC\v170\Microsoft.CppBuild.targets(538,5): warning MSB8028: Katalog pośredni (x64\Release\) zawiera pliki udostępnione z innego projektu (PilkaRuchomaSFML2.6.vcxproj). Może to spowodować niepoprawne zachowanie podczas oczyszczania i ponownej kompilacji.
  main.cpp
C:\Users\karol\Desktop\InformatykaBackup\GitHubZPorazkaiHud\Arkanoid\PilkaRuchomaSFML2.6\Paletka.h(25,60): warning C4244: "argument": konwersja z "double" do "T", możliwa utrata danych
C:\Users\karol\Desktop\InformatykaBackup\GitHubZPorazkaiHud\Arkanoid\PilkaRuchomaSFML2.6\Paletka.h(25,60): warning C4244:         with
C:\Users\karol\Desktop\InformatykaBackup\GitHubZPorazkaiHud\Arkanoid\PilkaRuchomaSFML2.6\Paletka.h(25,60): warning C4244:         [
C:\Users\karol\Desktop\InformatykaBackup\GitHubZPorazkaiHud\Arkanoid\PilkaRuchomaSFML2.6\Paletka.h(25,60): warning C4244:             T=float
C:\Users\karol\Desktop\InformatykaBackup\GitHubZPorazkaiHud\Arkanoid\PilkaRuchomaSFML2.6\Paletka.h(25,60): warning C4244:         ]
  (kompilowanie pliku źródłowego „main.cpp”)
  
C:\Users\karol\Desktop\InformatykaBackup\GitHubZPorazkaiHud\Arkanoid\PilkaRuchomaSFML2.6\Paletka.h(25,43): warning C4244: "argument": konwersja z "double" do "T", możliwa utrata danych
C:\Users\karol\Desktop\InformatykaBackup\GitHubZPorazkaiHud\Arkanoid\PilkaRuchomaSFML2.6\Paletka.h(25,43): warning C4244:         with
C:\Users\karol\Desktop\InformatykaBackup\GitHubZPorazkaiHud\Arkanoid\PilkaRuchomaSFML2.6\Paletka.h(25,43): warning C4244:         [
C:\Users\karol\Desktop\InformatykaBackup\GitHubZPorazkaiHud\Arkanoid\PilkaRuchomaSFML2.6\Paletka.h(25,43): warning C4244:             T=float
C:\Users\karol\Desktop\InformatykaBackup\GitHubZPorazkaiHud\Arkanoid\PilkaRuchomaSFML2.6\Paletka.h(25,43): warning C4244:         ]
  (kompilowanie pliku źródłowego „main.cpp”)
  
C:\Users\karol\Desktop\InformatykaBackup\GitHubZPorazkaiHud\Arkanoid\PilkaRuchomaSFML2.6\Bloki.h(89,13): warning C4267: "inicjowanie": konwersja z "size_t" do "int", możliwa utrata danych
  (kompilowanie pliku źródłowego „main.cpp”)
  
C:\Users\karol\Desktop\InformatykaBackup\GitHubZPorazkaiHud\Arkanoid\PilkaRuchomaSFML2.6\Gra.h(55,28): warning C4244: "argument": konwersja z "const int" do "float", możliwa utrata danych
  (kompilowanie pliku źródłowego „main.cpp”)
  
C:\Users\karol\Desktop\InformatykaBackup\GitHubZPorazkaiHud\Arkanoid\PilkaRuchomaSFML2.6\Gra.h(55,17): warning C4244: "argument": konwersja z "const int" do "float", możliwa utrata danych
  (kompilowanie pliku źródłowego „main.cpp”)
  
C:\Users\karol\Desktop\InformatykaBackup\GitHubZPorazkaiHud\Arkanoid\PilkaRuchomaSFML2.6\Gra.h(100,60): warning C4244: "argument": konwersja z "const int" do "float", możliwa utrata danych
  (kompilowanie pliku źródłowego „main.cpp”)
  
C:\Users\karol\Desktop\InformatykaBackup\GitHubZPorazkaiHud\Arkanoid\PilkaRuchomaSFML2.6\Gra.h(100,49): warning C4244: "argument": konwersja z "const int" do "float", możliwa utrata danych
  (kompilowanie pliku źródłowego „main.cpp”)
  
C:\Users\karol\Desktop\InformatykaBackup\GitHubZPorazkaiHud\Arkanoid\PilkaRuchomaSFML2.6\main.cpp(20,48): warning C4244: "argument": konwersja z "T" do "float", możliwa utrata danych
C:\Users\karol\Desktop\InformatykaBackup\GitHubZPorazkaiHud\Arkanoid\PilkaRuchomaSFML2.6\main.cpp(20,48): warning C4244:         with
C:\Users\karol\Desktop\InformatykaBackup\GitHubZPorazkaiHud\Arkanoid\PilkaRuchomaSFML2.6\main.cpp(20,48): warning C4244:         [
C:\Users\karol\Desktop\InformatykaBackup\GitHubZPorazkaiHud\Arkanoid\PilkaRuchomaSFML2.6\main.cpp(20,48): warning C4244:             T=unsigned int
C:\Users\karol\Desktop\InformatykaBackup\GitHubZPorazkaiHud\Arkanoid\PilkaRuchomaSFML2.6\main.cpp(20,48): warning C4244:         ]
C:\Users\karol\Desktop\InformatykaBackup\GitHubZPorazkaiHud\Arkanoid\PilkaRuchomaSFML2.6\main.cpp(20,28): warning C4244: "argument": konwersja z "T" do "float", możliwa utrata danych
C:\Users\karol\Desktop\InformatykaBackup\GitHubZPorazkaiHud\Arkanoid\PilkaRuchomaSFML2.6\main.cpp(20,28): warning C4244:         with
C:\Users\karol\Desktop\InformatykaBackup\GitHubZPorazkaiHud\Arkanoid\PilkaRuchomaSFML2.6\main.cpp(20,28): warning C4244:         [
C:\Users\karol\Desktop\InformatykaBackup\GitHubZPorazkaiHud\Arkanoid\PilkaRuchomaSFML2.6\main.cpp(20,28): warning C4244:             T=unsigned int
C:\Users\karol\Desktop\InformatykaBackup\GitHubZPorazkaiHud\Arkanoid\PilkaRuchomaSFML2.6\main.cpp(20,28): warning C4244:         ]
  Trwa generowanie kodu
  466 of 479 functions (97.3%) were compiled, the rest were copied from previous compilation.
    1 functions were new in current compilation
    2 functions had inline decision re-evaluated but remain unchanged
  Zakończono generowanie kodu
  PilkaRuchomaSFML2.6.vcxproj -> C:\Users\karol\Desktop\InformatykaBackup\GitHubZPorazkaiHud\Arkanoid\x64\Release\Arkanoid.exe
