  main.cpp
C:\Users\karol\source\repos\PilkaRuchomaSFML2.6\PilkaRuchomaSFML2.6\paletka.h(22,60): warning C4244: "argument": konwersja z "double" do "T", możliwa utrata danych
C:\Users\karol\source\repos\PilkaRuchomaSFML2.6\PilkaRuchomaSFML2.6\paletka.h(22,60): warning C4244:         with
C:\Users\karol\source\repos\PilkaRuchomaSFML2.6\PilkaRuchomaSFML2.6\paletka.h(22,60): warning C4244:         [
C:\Users\karol\source\repos\PilkaRuchomaSFML2.6\PilkaRuchomaSFML2.6\paletka.h(22,60): warning C4244:             T=float
C:\Users\karol\source\repos\PilkaRuchomaSFML2.6\PilkaRuchomaSFML2.6\paletka.h(22,60): warning C4244:         ]
  (kompilowanie pliku źródłowego „main.cpp”)
  
C:\Users\karol\source\repos\PilkaRuchomaSFML2.6\PilkaRuchomaSFML2.6\paletka.h(22,43): warning C4244: "argument": konwersja z "double" do "T", możliwa utrata danych
C:\Users\karol\source\repos\PilkaRuchomaSFML2.6\PilkaRuchomaSFML2.6\paletka.h(22,43): warning C4244:         with
C:\Users\karol\source\repos\PilkaRuchomaSFML2.6\PilkaRuchomaSFML2.6\paletka.h(22,43): warning C4244:         [
C:\Users\karol\source\repos\PilkaRuchomaSFML2.6\PilkaRuchomaSFML2.6\paletka.h(22,43): warning C4244:             T=float
C:\Users\karol\source\repos\PilkaRuchomaSFML2.6\PilkaRuchomaSFML2.6\paletka.h(22,43): warning C4244:         ]
  (kompilowanie pliku źródłowego „main.cpp”)
  
C:\Users\karol\source\repos\PilkaRuchomaSFML2.6\PilkaRuchomaSFML2.6\bloki.h(86,13): warning C4267: "inicjowanie": konwersja z "size_t" do "int", możliwa utrata danych
  (kompilowanie pliku źródłowego „main.cpp”)
  
  Trwa generowanie kodu
  24 of 229 functions (10.5%) were compiled, the rest were copied from previous compilation.
    0 functions were new in current compilation
    1 functions had inline decision re-evaluated but remain unchanged
  Zakończono generowanie kodu
  PilkaRuchomaSFML2.6.vcxproj -> C:\Users\karol\source\repos\PilkaRuchomaSFML2.6\x64\Release\PilkaRuchomaSFML2.6.exe
